// Jest Snapshot v1, https://goo.gl/fbAQLP

exports[`Avatar component matches snapshot 1`] = `
<DocumentFragment>
  <div
    class="sc-bdnxRM fFeCqH"
  >
    <img
      alt="Avatar"
      src="https://dummuy.com/image.png"
    />
  </div>
</DocumentFragment>
`;
